// Jest Snapshot v1, https://goo.gl/fbAQLP

exports[`Shapes Components renders circle correctly 1`] = `
<View
  onMoveShouldSetResponder={[Function]}
  onMoveShouldSetResponderCapture={[Function]}
  onResponderEnd={[Function]}
  onResponderGrant={[Function]}
  onResponderMove={[Function]}
  onResponderReject={[Function]}
  onResponderRelease={[Function]}
  onResponderStart={[Function]}
  onResponderTerminate={[Function]}
  onResponderTerminationRequest={[Function]}
  onStartShouldSetResponder={[Function]}
  onStartShouldSetResponderCapture={[Function]}
  style={
    Object {
      "left": 50,
      "opacity": 0,
      "position": "absolute",
      "top": 100,
      "transform": Array [
        Object {
          "scale": 0.3,
        },
      ],
    }
  }
>
  <RNSVGSvgView
    bbHeight={150}
    bbWidth={150}
    focusable={false}
    height={150}
    style={
      Array [
        Object {
          "backgroundColor": "transparent",
          "borderWidth": 0,
        },
        Object {
          "flex": 0,
          "height": 150,
          "width": 150,
        },
      ]
    }
    width={150}
  >
    <RNSVGGroup>
      <RNSVGCircle
        cx={75}
        cy={75}
        fill={4294967295}
        propList={
          Array [
            "fill",
          ]
        }
        r={75}
      />
    </RNSVGGroup>
  </RNSVGSvgView>
</View>
`;
